Starting CAP Project Generator...
Using @sap/cds-dk [10.0.6] from /home/user/.node_modules_global/lib/node_modules/@sap/cds-dk
Using @sap/generator-cap-project [2.1.3] from [/home/user/.node_modules_global/lib/node_modules/@sap/generator-cap-project]
Using root path [/home/user/projects]

Creating project with approuter, hana, mta, nodejs, xsuaa

Adding facet: nodejs
Adding facet: mta
Adding facet: xsuaa
Adding facet: hana
Adding facet: approuter

Successfully initialized CAP project
Continue with: code materials_mcp 


Installing dependencies...

added 81 packages, and audited 192 packages in 3s

32 packages are looking for funding
  run `npm fund` for details

found 0 vulnerabilities

Finished installing dependencies

Done setting up project materials_mcp
Project is ready to use

